
Memory Configuration

Name             Origin             Length             Attributes
*default*        0x0000000000000000 0xffffffffffffffff

Linker script and memory map

LOAD /opt/devkitpro/devkitARM/bin/../lib/gcc/arm-none-eabi/11.1.0/armv6k/fpu/crti.o
LOAD /opt/devkitpro/devkitARM/bin/../lib/gcc/arm-none-eabi/11.1.0/armv6k/fpu/crtbegin.o
LOAD loader.o
LOAD svc.o
LOAD /opt/devkitpro/libctru/lib/libctru.a
LOAD /opt/devkitpro/devkitARM/arm-none-eabi/lib/libm.a
START GROUP
LOAD /opt/devkitpro/devkitARM/bin/../lib/gcc/arm-none-eabi/11.1.0/armv6k/fpu/libgcc.a
LOAD /opt/devkitpro/devkitARM/arm-none-eabi/lib/libg.a
LOAD /opt/devkitpro/devkitARM/arm-none-eabi/lib/libc.a
LOAD /opt/devkitpro/devkitARM/arm-none-eabi/lib/libsysbase.a
END GROUP
LOAD /opt/devkitpro/devkitARM/bin/../lib/gcc/arm-none-eabi/11.1.0/armv6k/fpu/crtend.o
LOAD /opt/devkitpro/devkitARM/bin/../lib/gcc/arm-none-eabi/11.1.0/armv6k/fpu/crtn.o
                0x000000000056a520                . = 0x56a520

.text           0x000000000056a520      0x174
                0x000000000056a520                __text_start = .
 *(.text)
 .text          0x000000000056a520        0x0 /opt/devkitpro/devkitARM/bin/../lib/gcc/arm-none-eabi/11.1.0/armv6k/fpu/crti.o
 .text          0x000000000056a520        0x0 /opt/devkitpro/devkitARM/bin/../lib/gcc/arm-none-eabi/11.1.0/armv6k/fpu/crtbegin.o
 .text          0x000000000056a520        0x0 loader.o
 .text          0x000000000056a520        0x0 svc.o
 .text          0x000000000056a520        0x0 /opt/devkitpro/devkitARM/bin/../lib/gcc/arm-none-eabi/11.1.0/armv6k/fpu/crtend.o
 .text          0x000000000056a520        0x0 /opt/devkitpro/devkitARM/bin/../lib/gcc/arm-none-eabi/11.1.0/armv6k/fpu/crtn.o
 *(.text.*)
 .text.__do_global_dtors_aux
                0x000000000056a520       0x40 /opt/devkitpro/devkitARM/bin/../lib/gcc/arm-none-eabi/11.1.0/armv6k/fpu/crtbegin.o
 .text.frame_dummy
                0x000000000056a560       0x2c /opt/devkitpro/devkitARM/bin/../lib/gcc/arm-none-eabi/11.1.0/armv6k/fpu/crtbegin.o
 .text.LoaderMain
                0x000000000056a58c       0x7c loader.o
                0x000000000056a58c                LoaderMain
 .text.getCurrentProcessHandle
                0x000000000056a608       0x44 loader.o
                0x000000000056a608                getCurrentProcessHandle
 .text.svcOpenProcess
                0x000000000056a64c       0x14 svc.o
                0x000000000056a64c                svcOpenProcess
 .text.svcGetProcessId
                0x000000000056a660       0x14 svc.o
                0x000000000056a660                svcGetProcessId
 .text.svcBreak
                0x000000000056a674        0x8 svc.o
                0x000000000056a674                svcBreak
 .text.svcControlProcessMemory
                0x000000000056a67c       0x18 svc.o
                0x000000000056a67c                svcControlProcessMemory
                0x000000000056a694                __text_end = .

.glue_7         0x000000000056a694        0x0
 .glue_7        0x000000000056a694        0x0 linker stubs

.glue_7t        0x000000000056a694        0x0
 .glue_7t       0x000000000056a694        0x0 linker stubs

.vfp11_veneer   0x000000000056a694        0x0
 .vfp11_veneer  0x000000000056a694        0x0 linker stubs

.v4_bx          0x000000000056a694        0x0
 .v4_bx         0x000000000056a694        0x0 linker stubs

.init           0x000000000056a694       0x18
 .init          0x000000000056a694        0xc /opt/devkitpro/devkitARM/bin/../lib/gcc/arm-none-eabi/11.1.0/armv6k/fpu/crti.o
                0x000000000056a694                _init
 .init          0x000000000056a6a0        0xc /opt/devkitpro/devkitARM/bin/../lib/gcc/arm-none-eabi/11.1.0/armv6k/fpu/crtn.o

.fini           0x000000000056a6ac       0x18
 .fini          0x000000000056a6ac        0xc /opt/devkitpro/devkitARM/bin/../lib/gcc/arm-none-eabi/11.1.0/armv6k/fpu/crti.o
                0x000000000056a6ac                _fini
 .fini          0x000000000056a6b8        0xc /opt/devkitpro/devkitARM/bin/../lib/gcc/arm-none-eabi/11.1.0/armv6k/fpu/crtn.o

.iplt           0x000000000056a6c4        0x0
 .iplt          0x000000000056a6c4        0x0 /opt/devkitpro/devkitARM/bin/../lib/gcc/arm-none-eabi/11.1.0/armv6k/fpu/crtbegin.o

.rodata.all_implied_fbits
                0x000000000056a6c4       0x48
 .rodata.all_implied_fbits
                0x000000000056a6c4       0x24 /opt/devkitpro/devkitARM/bin/../lib/gcc/arm-none-eabi/11.1.0/armv6k/fpu/crtbegin.o
 .rodata.all_implied_fbits
                0x000000000056a6e8       0x24 /opt/devkitpro/devkitARM/bin/../lib/gcc/arm-none-eabi/11.1.0/armv6k/fpu/crtend.o

.eh_frame       0x000000000056a70c       0x68
 .eh_frame      0x000000000056a70c        0x0 /opt/devkitpro/devkitARM/bin/../lib/gcc/arm-none-eabi/11.1.0/armv6k/fpu/crtbegin.o
 .eh_frame      0x000000000056a70c       0x64 svc.o
 .eh_frame      0x000000000056a770        0x4 /opt/devkitpro/devkitARM/bin/../lib/gcc/arm-none-eabi/11.1.0/armv6k/fpu/crtend.o

.rel.dyn        0x000000000056a774        0x0
 .rel.iplt      0x000000000056a774        0x0 /opt/devkitpro/devkitARM/bin/../lib/gcc/arm-none-eabi/11.1.0/armv6k/fpu/crtbegin.o
                0x00000000006c5610                . = 0x6c5610

.data           0x00000000006c5610        0x0
                0x00000000006c5610                __data_start = .
 *(.rodata)
 *(.data)
 .data          0x00000000006c5610        0x0 /opt/devkitpro/devkitARM/bin/../lib/gcc/arm-none-eabi/11.1.0/armv6k/fpu/crti.o
 .data          0x00000000006c5610        0x0 /opt/devkitpro/devkitARM/bin/../lib/gcc/arm-none-eabi/11.1.0/armv6k/fpu/crtbegin.o
 .data          0x00000000006c5610        0x0 loader.o
 .data          0x00000000006c5610        0x0 svc.o
 .data          0x00000000006c5610        0x0 /opt/devkitpro/devkitARM/bin/../lib/gcc/arm-none-eabi/11.1.0/armv6k/fpu/crtend.o
 .data          0x00000000006c5610        0x0 /opt/devkitpro/devkitARM/bin/../lib/gcc/arm-none-eabi/11.1.0/armv6k/fpu/crtn.o
 *(.bss)
 .bss           0x00000000006c5610        0x0 /opt/devkitpro/devkitARM/bin/../lib/gcc/arm-none-eabi/11.1.0/armv6k/fpu/crti.o
 .bss           0x00000000006c5610        0x0 /opt/devkitpro/devkitARM/bin/../lib/gcc/arm-none-eabi/11.1.0/armv6k/fpu/crtbegin.o
 .bss           0x00000000006c5610        0x0 loader.o
 .bss           0x00000000006c5610        0x0 svc.o
 .bss           0x00000000006c5610        0x0 /opt/devkitpro/devkitARM/bin/../lib/gcc/arm-none-eabi/11.1.0/armv6k/fpu/crtend.o
 .bss           0x00000000006c5610        0x0 /opt/devkitpro/devkitARM/bin/../lib/gcc/arm-none-eabi/11.1.0/armv6k/fpu/crtn.o
 *(COMMON)
                0x00000000006c5610                __data_end = .
OUTPUT(/home/user/game/mod/nsmb2-asm/PatchTemplate/loader/loader.elf elf32-littlearm)
LOAD linker stubs

.init_array     0x00000000006c5610        0x4
 .init_array    0x00000000006c5610        0x4 /opt/devkitpro/devkitARM/bin/../lib/gcc/arm-none-eabi/11.1.0/armv6k/fpu/crtbegin.o

.fini_array     0x00000000006c5614        0x4
 .fini_array    0x00000000006c5614        0x4 /opt/devkitpro/devkitARM/bin/../lib/gcc/arm-none-eabi/11.1.0/armv6k/fpu/crtbegin.o

.data.__dso_handle
                0x00000000006c5618        0x4
 .data.__dso_handle
                0x00000000006c5618        0x4 /opt/devkitpro/devkitARM/bin/../lib/gcc/arm-none-eabi/11.1.0/armv6k/fpu/crtbegin.o
                0x00000000006c5618                __dso_handle

.igot.plt       0x00000000006c561c        0x0
 .igot.plt      0x00000000006c561c        0x0 /opt/devkitpro/devkitARM/bin/../lib/gcc/arm-none-eabi/11.1.0/armv6k/fpu/crtbegin.o

.bss.completed.1
                0x00000000006c561c        0x1
 .bss.completed.1
                0x00000000006c561c        0x1 /opt/devkitpro/devkitARM/bin/../lib/gcc/arm-none-eabi/11.1.0/armv6k/fpu/crtbegin.o

.bss.object.0   0x00000000006c5620       0x18
 .bss.object.0  0x00000000006c5620       0x18 /opt/devkitpro/devkitARM/bin/../lib/gcc/arm-none-eabi/11.1.0/armv6k/fpu/crtbegin.o

.ARM.attributes
                0x0000000000000000       0x2c
 .ARM.attributes
                0x0000000000000000       0x1c /opt/devkitpro/devkitARM/bin/../lib/gcc/arm-none-eabi/11.1.0/armv6k/fpu/crti.o
 .ARM.attributes
                0x000000000000001c       0x30 /opt/devkitpro/devkitARM/bin/../lib/gcc/arm-none-eabi/11.1.0/armv6k/fpu/crtbegin.o
 .ARM.attributes
                0x000000000000004c       0x30 loader.o
 .ARM.attributes
                0x000000000000007c       0x1c svc.o
 .ARM.attributes
                0x0000000000000098       0x2e /opt/devkitpro/devkitARM/bin/../lib/gcc/arm-none-eabi/11.1.0/armv6k/fpu/crtend.o
 .ARM.attributes
                0x00000000000000c6       0x1c /opt/devkitpro/devkitARM/bin/../lib/gcc/arm-none-eabi/11.1.0/armv6k/fpu/crtn.o

.comment        0x0000000000000000       0x23
 .comment       0x0000000000000000       0x23 /opt/devkitpro/devkitARM/bin/../lib/gcc/arm-none-eabi/11.1.0/armv6k/fpu/crtbegin.o
                                         0x24 (size before relaxing)
 .comment       0x0000000000000023       0x24 loader.o
 .comment       0x0000000000000023       0x24 /opt/devkitpro/devkitARM/bin/../lib/gcc/arm-none-eabi/11.1.0/armv6k/fpu/crtend.o

.debug_info     0x0000000000000000      0x276
 .debug_info    0x0000000000000000      0x253 loader.o
 .debug_info    0x0000000000000253       0x23 svc.o

.debug_abbrev   0x0000000000000000      0x18a
 .debug_abbrev  0x0000000000000000      0x178 loader.o
 .debug_abbrev  0x0000000000000178       0x12 svc.o

.debug_loclists
                0x0000000000000000       0x2d
 .debug_loclists
                0x0000000000000000       0x2d loader.o

.debug_aranges  0x0000000000000000       0x60
 .debug_aranges
                0x0000000000000000       0x28 loader.o
 .debug_aranges
                0x0000000000000028       0x38 svc.o

.debug_rnglists
                0x0000000000000000       0x50
 .debug_rnglists
                0x0000000000000000       0x2b loader.o
 .debug_rnglists
                0x000000000000002b       0x25 svc.o

.debug_line     0x0000000000000000      0x1af
 .debug_line    0x0000000000000000      0x12b loader.o
 .debug_line    0x000000000000012b       0x84 svc.o

.debug_str      0x0000000000000000      0x1c9
 .debug_str     0x0000000000000000      0x1b5 loader.o
                                        0x1bc (size before relaxing)
 .debug_str     0x00000000000001b5       0x14 svc.o
                                         0x4d (size before relaxing)

.debug_frame    0x0000000000000000       0x58
 .debug_frame   0x0000000000000000       0x58 loader.o

.debug_line_str
                0x0000000000000000       0x40
 .debug_line_str
                0x0000000000000000       0x40 svc.o
                                         0x80 (size before relaxing)
