
Memory Configuration

Name             Origin             Length             Attributes
*default*        0x0000000000000000 0xffffffffffffffff

Linker script and memory map

LOAD /opt/devkitpro/devkitARM/bin/../lib/gcc/arm-none-eabi/11.1.0/armv6k/fpu/crti.o
LOAD /opt/devkitpro/devkitARM/bin/../lib/gcc/arm-none-eabi/11.1.0/armv6k/fpu/crtbegin.o
LOAD romfs2sdmc.o
LOAD /opt/devkitpro/libctru/lib/libctru.a
LOAD /opt/devkitpro/devkitARM/arm-none-eabi/lib/libm.a
START GROUP
LOAD /opt/devkitpro/devkitARM/bin/../lib/gcc/arm-none-eabi/11.1.0/armv6k/fpu/libgcc.a
LOAD /opt/devkitpro/devkitARM/arm-none-eabi/lib/libg.a
LOAD /opt/devkitpro/devkitARM/arm-none-eabi/lib/libc.a
LOAD /opt/devkitpro/devkitARM/arm-none-eabi/lib/libsysbase.a
END GROUP
LOAD /opt/devkitpro/devkitARM/bin/../lib/gcc/arm-none-eabi/11.1.0/armv6k/fpu/crtend.o
LOAD /opt/devkitpro/devkitARM/bin/../lib/gcc/arm-none-eabi/11.1.0/armv6k/fpu/crtn.o
                0x00000000006c5000                . = 0x6c5000

.text           0x00000000006c5000      0x580
                0x00000000006c5000                __text_start = .
 *(.text)
 .text          0x00000000006c5000        0x0 /opt/devkitpro/devkitARM/bin/../lib/gcc/arm-none-eabi/11.1.0/armv6k/fpu/crti.o
 .text          0x00000000006c5000        0x0 /opt/devkitpro/devkitARM/bin/../lib/gcc/arm-none-eabi/11.1.0/armv6k/fpu/crtbegin.o
 .text          0x00000000006c5000       0xf0 romfs2sdmc.o
                0x00000000006c5014                TryOpenFile_Payload
 .text          0x00000000006c50f0        0x0 /opt/devkitpro/devkitARM/bin/../lib/gcc/arm-none-eabi/11.1.0/armv6k/fpu/crtend.o
 .text          0x00000000006c50f0        0x0 /opt/devkitpro/devkitARM/bin/../lib/gcc/arm-none-eabi/11.1.0/armv6k/fpu/crtn.o
 *(.text.*)
 .text.__do_global_dtors_aux
                0x00000000006c50f0       0x40 /opt/devkitpro/devkitARM/bin/../lib/gcc/arm-none-eabi/11.1.0/armv6k/fpu/crtbegin.o
 .text.frame_dummy
                0x00000000006c5130       0x2c /opt/devkitpro/devkitARM/bin/../lib/gcc/arm-none-eabi/11.1.0/armv6k/fpu/crtbegin.o
 *(.rodata)
 *(.data)
 .data          0x00000000006c515c        0x0 /opt/devkitpro/devkitARM/bin/../lib/gcc/arm-none-eabi/11.1.0/armv6k/fpu/crti.o
 .data          0x00000000006c515c        0x0 /opt/devkitpro/devkitARM/bin/../lib/gcc/arm-none-eabi/11.1.0/armv6k/fpu/crtbegin.o
 *fill*         0x00000000006c515c        0x4 
 .data          0x00000000006c5160      0x420 romfs2sdmc.o
 .data          0x00000000006c5580        0x0 /opt/devkitpro/devkitARM/bin/../lib/gcc/arm-none-eabi/11.1.0/armv6k/fpu/crtend.o
 .data          0x00000000006c5580        0x0 /opt/devkitpro/devkitARM/bin/../lib/gcc/arm-none-eabi/11.1.0/armv6k/fpu/crtn.o
 *(.bss)
 .bss           0x00000000006c5580        0x0 /opt/devkitpro/devkitARM/bin/../lib/gcc/arm-none-eabi/11.1.0/armv6k/fpu/crti.o
 .bss           0x00000000006c5580        0x0 /opt/devkitpro/devkitARM/bin/../lib/gcc/arm-none-eabi/11.1.0/armv6k/fpu/crtbegin.o
 .bss           0x00000000006c5580        0x0 romfs2sdmc.o
 .bss           0x00000000006c5580        0x0 /opt/devkitpro/devkitARM/bin/../lib/gcc/arm-none-eabi/11.1.0/armv6k/fpu/crtend.o
 .bss           0x00000000006c5580        0x0 /opt/devkitpro/devkitARM/bin/../lib/gcc/arm-none-eabi/11.1.0/armv6k/fpu/crtn.o
 *(COMMON)
                0x00000000006c5580                __text_end = .
OUTPUT(/home/user/game/mod/nsmb2-asm/PatchTemplate/newcode.elf elf32-littlearm)
LOAD linker stubs

.glue_7         0x00000000006c5580        0x0
 .glue_7        0x00000000006c5580        0x0 linker stubs

.glue_7t        0x00000000006c5580        0x0
 .glue_7t       0x00000000006c5580        0x0 linker stubs

.vfp11_veneer   0x00000000006c5580        0x0
 .vfp11_veneer  0x00000000006c5580        0x0 linker stubs

.v4_bx          0x00000000006c5580        0x0
 .v4_bx         0x00000000006c5580        0x0 linker stubs

.init           0x00000000006c5580       0x18
 .init          0x00000000006c5580        0xc /opt/devkitpro/devkitARM/bin/../lib/gcc/arm-none-eabi/11.1.0/armv6k/fpu/crti.o
                0x00000000006c5580                _init
 .init          0x00000000006c558c        0xc /opt/devkitpro/devkitARM/bin/../lib/gcc/arm-none-eabi/11.1.0/armv6k/fpu/crtn.o

.fini           0x00000000006c5598       0x18
 .fini          0x00000000006c5598        0xc /opt/devkitpro/devkitARM/bin/../lib/gcc/arm-none-eabi/11.1.0/armv6k/fpu/crti.o
                0x00000000006c5598                _fini
 .fini          0x00000000006c55a4        0xc /opt/devkitpro/devkitARM/bin/../lib/gcc/arm-none-eabi/11.1.0/armv6k/fpu/crtn.o

.iplt           0x00000000006c55b0        0x0
 .iplt          0x00000000006c55b0        0x0 /opt/devkitpro/devkitARM/bin/../lib/gcc/arm-none-eabi/11.1.0/armv6k/fpu/crtbegin.o

.rodata.all_implied_fbits
                0x00000000006c55b0       0x48
 .rodata.all_implied_fbits
                0x00000000006c55b0       0x24 /opt/devkitpro/devkitARM/bin/../lib/gcc/arm-none-eabi/11.1.0/armv6k/fpu/crtbegin.o
 .rodata.all_implied_fbits
                0x00000000006c55d4       0x24 /opt/devkitpro/devkitARM/bin/../lib/gcc/arm-none-eabi/11.1.0/armv6k/fpu/crtend.o

.eh_frame       0x00000000006c55f8        0x4
 .eh_frame      0x00000000006c55f8        0x0 /opt/devkitpro/devkitARM/bin/../lib/gcc/arm-none-eabi/11.1.0/armv6k/fpu/crtbegin.o
 .eh_frame      0x00000000006c55f8        0x4 /opt/devkitpro/devkitARM/bin/../lib/gcc/arm-none-eabi/11.1.0/armv6k/fpu/crtend.o

.rel.dyn        0x00000000006c55fc        0x0
 .rel.iplt      0x00000000006c55fc        0x0 /opt/devkitpro/devkitARM/bin/../lib/gcc/arm-none-eabi/11.1.0/armv6k/fpu/crtbegin.o

.init_array     0x00000000006c55fc        0x4
 .init_array    0x00000000006c55fc        0x4 /opt/devkitpro/devkitARM/bin/../lib/gcc/arm-none-eabi/11.1.0/armv6k/fpu/crtbegin.o

.fini_array     0x00000000006c5600        0x4
 .fini_array    0x00000000006c5600        0x4 /opt/devkitpro/devkitARM/bin/../lib/gcc/arm-none-eabi/11.1.0/armv6k/fpu/crtbegin.o

.data.__dso_handle
                0x00000000006c5604        0x4
 .data.__dso_handle
                0x00000000006c5604        0x4 /opt/devkitpro/devkitARM/bin/../lib/gcc/arm-none-eabi/11.1.0/armv6k/fpu/crtbegin.o
                0x00000000006c5604                __dso_handle

.igot.plt       0x00000000006c5608        0x0
 .igot.plt      0x00000000006c5608        0x0 /opt/devkitpro/devkitARM/bin/../lib/gcc/arm-none-eabi/11.1.0/armv6k/fpu/crtbegin.o

.bss.completed.1
                0x00000000006c5608        0x1
 .bss.completed.1
                0x00000000006c5608        0x1 /opt/devkitpro/devkitARM/bin/../lib/gcc/arm-none-eabi/11.1.0/armv6k/fpu/crtbegin.o

.bss.object.0   0x00000000006c560c       0x18
 .bss.object.0  0x00000000006c560c       0x18 /opt/devkitpro/devkitARM/bin/../lib/gcc/arm-none-eabi/11.1.0/armv6k/fpu/crtbegin.o

.ARM.attributes
                0x0000000000000000       0x2c
 .ARM.attributes
                0x0000000000000000       0x1c /opt/devkitpro/devkitARM/bin/../lib/gcc/arm-none-eabi/11.1.0/armv6k/fpu/crti.o
 .ARM.attributes
                0x000000000000001c       0x30 /opt/devkitpro/devkitARM/bin/../lib/gcc/arm-none-eabi/11.1.0/armv6k/fpu/crtbegin.o
 .ARM.attributes
                0x000000000000004c       0x1c romfs2sdmc.o
 .ARM.attributes
                0x0000000000000068       0x2e /opt/devkitpro/devkitARM/bin/../lib/gcc/arm-none-eabi/11.1.0/armv6k/fpu/crtend.o
 .ARM.attributes
                0x0000000000000096       0x1c /opt/devkitpro/devkitARM/bin/../lib/gcc/arm-none-eabi/11.1.0/armv6k/fpu/crtn.o

.comment        0x0000000000000000       0x23
 .comment       0x0000000000000000       0x23 /opt/devkitpro/devkitARM/bin/../lib/gcc/arm-none-eabi/11.1.0/armv6k/fpu/crtbegin.o
                                         0x24 (size before relaxing)
 .comment       0x0000000000000023       0x24 /opt/devkitpro/devkitARM/bin/../lib/gcc/arm-none-eabi/11.1.0/armv6k/fpu/crtend.o

.debug_line     0x0000000000000000       0x88
 .debug_line    0x0000000000000000       0x88 romfs2sdmc.o

.debug_line_str
                0x0000000000000000       0x40
 .debug_line_str
                0x0000000000000000       0x40 romfs2sdmc.o
                                         0x80 (size before relaxing)

.debug_info     0x0000000000000000       0x25
 .debug_info    0x0000000000000000       0x25 romfs2sdmc.o

.debug_abbrev   0x0000000000000000       0x14
 .debug_abbrev  0x0000000000000000       0x14 romfs2sdmc.o

.debug_aranges  0x0000000000000000       0x20
 .debug_aranges
                0x0000000000000000       0x20 romfs2sdmc.o

.debug_str      0x0000000000000000       0x4d
 .debug_str     0x0000000000000000       0x4d romfs2sdmc.o
